     1                                  bits 32
     2                                  
     3                                  
     4                                  global start        
     5                                  
     6                                  
     7                                  extern exit              
     8                                  import exit msvcrt.dll
     9                                  segment data use32 class=data
    10                                      ; ...
    11 00000000 0000010002000300            sir dw 0, 1,2 ,3 
    12                                  ; our code starts here
    13                                  segment code use32 class=code
    14                                      start:
    15                                          
    16 00000000 66B8FE00                        mov AX, 0feh
    17 00000004 B3FE                            mov BL, 0feh ;Division overflow restul nu intra in AH
    18 00000006 F6FB                            idiv BL
    19 00000008 6A00                            push    dword 0      
    20 0000000A FF15[00000000]                  call    [exit]      
