     1                                  bits 32
     2                                  
     3                                  
     4                                  global start        
     5                                  
     6                                  
     7                                  extern exit              
     8                                  import exit msvcrt.dll
     9                                  segment data use32 class=data
    10                                      ; ...
    11                                  
    12                                  ; our code starts here
    13                                  segment code use32 class=code
    14                                      start:
    15                                         
    16 00000000 66B8FFFF                       mov AX, 65535
    17 00000004 B30A                           mov BL, 10
    18 00000006 F6F3                           div BL ;Execution error, nu incape in AL rezultatul
    19                                         
    20 00000008 6A00                            push    dword 0      
    21 0000000A FF15[00000000]                  call    [exit]      
