     1                                  bits 32
     2                                  
     3                                  
     4                                  global start        
     5                                  
     6                                  
     7                                  extern exit              
     8                                  import exit msvcrt.dll
     9                                  segment data use32 class=data
    10                                      ; ...
    11 00000000 05                          a db 5
    12 00000001 06                          b db 6
    13 00000002 010000000200000003-         sir dd 1, 2, 3, 4
    13 0000000B 00000004000000     
    14 00000012 34127856                    ex dw 1234h, 5678h
    15                                  ; our code starts here
    16                                  segment code use32 class=code
    17                                      start:
    18 00000000 BE[02000000]                    mov ESI, sir
    19 00000005 6A00                            push    dword 0      
    20 00000007 FF15[00000000]                  call    [exit]      
