     1                                  bits 32 ; assembling for the 32 bits architecture
     2                                  
     3                                  ; declare the EntryPoint (a label defining the very first instruction of the program)
     4                                  global start        
     5                                  
     6                                  ; declare external functions needed by our program
     7                                  extern exit               ; tell nasm that exit exists even if we won't be defining it
     8                                  import exit msvcrt.dll    ; exit is a function that ends the calling process. It is defined in msvcrt.dll
     9                                                            ; msvcrt.dll contains exit, printf and all the other important C-runtime specific functions
    10                                  
    11                                  ; our data is declared here (the variables needed by our program)
    12                                  segment data use32 class=data
    13                                      ; ...
    14 00000000 0A                          a db 10
    15 00000001 07                          b db 7
    16 00000002 14                          c db 20
    17 00000003 0D                          d db 13
    18                                  
    19                                  ; our code starts here
    20                                  segment code use32 class=code
    21                                      start:
    22                                          ; ...
    23 00000000 A0[03000000]                    mov AL, [d]
    24 00000005 0205[03000000]                  add AL, [d]
    25 0000000B 2A05[01000000]                  sub AL, [b]
    26                                          
    27 00000011 8A25[02000000]                  mov AH, [c]
    28 00000017 2A25[00000000]                  sub AH, [a]
    29                                          
    30 0000001D 00C4                            ADD AH, AL
    31 0000001F 0225[03000000]                  ADD AH, [d]
    32                                          ; exit(0)
    33 00000025 6A00                            push    dword 0      ; push the parameter for exit onto the stack
    34 00000027 FF15[00000000]                  call    [exit]       ; call exit to terminate the program
