     1                                  bits 32 ; assembling for the 32 bits architecture
     2                                  
     3                                  ; declare the EntryPoint (a label defining the very first instruction of the program)
     4                                  global start        
     5                                  
     6                                  ; declare external functions needed by our program
     7                                  extern exit               ; tell nasm that exit exists even if we won't be defining it
     8                                  import exit msvcrt.dll    ; exit is a function that ends the calling process. It is defined in msvcrt.dll
     9                                                            ; msvcrt.dll contains exit, printf and all the other important C-runtime specific functions
    10                                  
    11                                  ; our data is declared here (the variables needed by our program)
    12                                  segment data use32 class=data
    13                                      ; ...
    14 00000000 0A00                        a dw 10
    15 00000002 0C00                        b dw 12
    16 00000004 0F00                        c dw 15
    17 00000006 1D00                        d dw 29
    18                                      
    19                                  ; our code starts here
    20                                  segment code use32 class=code
    21                                      start:
    22                                          ; ...
    23 00000000 66A1[00000000]                  mov AX, [a]
    24 00000006 662B05[06000000]                sub AX, [d]
    25 0000000D 660305[02000000]                add AX, [b]
    26 00000014 660305[02000000]                add AX, [b]
    27 0000001B 660305[04000000]                add AX, [c]
    28                                          ; exit(0)
    29 00000022 6A00                            push    dword 0      ; push the parameter for exit onto the stack
    30 00000024 FF15[00000000]                  call    [exit]       ; call exit to terminate the program
