     1                                  bits 32 
     2                                  
     3                                  
     4                                  global start        
     5                                  
     6                                  
     7                                  extern exit               
     8                                  import exit msvcrt.dll    
     9                                  
    10                                  
    11                                  segment data use32 class=data
    12                                      ; ...
    13                                      
    14                                  
    15                                  segment code use32 class=code
    16                                      start:
    17                                          
    18 00000000 B0F9                            mov AL, -7
    19 00000002 B3FA                            mov BL, -6
    20 00000004 00D8                            add AL, BL
    21                                          
    22                                          
    23                                          
    24 00000006 6A00                            push    dword 0      
    25 00000008 FF15[00000000]                  call    [exit]       
